// Jest Snapshot v1, https://goo.gl/fbAQLP

exports[`Tests Loading against snapshot 1`] = `
<View
  style={
    Object {
      "alignItems": "center",
      "flex": 1,
      "justifyContent": "center",
    }
  }
>
  <Text>
    Loading...
  </Text>
  <ActivityIndicator
    animating={true}
    color="#999999"
    hidesWhenStopped={true}
    size="large"
  />
</View>
`;

exports[`Tests LoginScreen against snapshot 1`] = `
<View
  style={
    Object {
      "alignItems": "center",
      "flex": 1,
      "justifyContent": "center",
    }
  }
>
  <Text>
    Log in or sign up!
  </Text>
  <TextInput
    allowFontScaling={true}
    autoCapitalize="none"
    label="email"
    onChangeText={[Function]}
    placeholder="email..."
    style={
      Object {
        "backgroundColor": "powderblue",
        "margin": 10,
        "padding": 10,
        "width": "90%",
      }
    }
    underlineColorAndroid="transparent"
  />
  <TextInput
    allowFontScaling={true}
    autoCapitalize="none"
    label="password"
    onChangeText={[Function]}
    placeholder="password..."
    secureTextEntry={true}
    style={
      Object {
        "backgroundColor": "powderblue",
        "margin": 10,
        "padding": 10,
        "width": "90%",
      }
    }
    underlineColorAndroid="transparent"
  />
  <View
    accessibilityRole="button"
    accessibilityStates={Array []}
    accessible={true}
    isTVSelectable={true}
    onResponderGrant={[Function]}
    onResponderMove={[Function]}
    onResponderRelease={[Function]}
    onResponderTerminate={[Function]}
    onResponderTerminationRequest={[Function]}
    onStartShouldSetResponder={[Function]}
    style={
      Object {
        "opacity": 1,
      }
    }
  >
    <View
      style={
        Array [
          Object {},
        ]
      }
    >
      <Text
        style={
          Array [
            Object {
              "color": "#007AFF",
              "fontSize": 18,
              "padding": 8,
              "textAlign": "center",
            },
          ]
        }
      >
        LOG IN
      </Text>
    </View>
  </View>
  <View
    accessibilityRole="button"
    accessibilityStates={Array []}
    accessible={true}
    isTVSelectable={true}
    onResponderGrant={[Function]}
    onResponderMove={[Function]}
    onResponderRelease={[Function]}
    onResponderTerminate={[Function]}
    onResponderTerminationRequest={[Function]}
    onStartShouldSetResponder={[Function]}
    style={
      Object {
        "opacity": 1,
      }
    }
  >
    <View
      style={
        Array [
          Object {},
        ]
      }
    >
      <Text
        style={
          Array [
            Object {
              "color": "#007AFF",
              "fontSize": 18,
              "padding": 8,
              "textAlign": "center",
            },
          ]
        }
      >
        SIGN UP
      </Text>
    </View>
  </View>
</View>
`;
