// Jest Snapshot v1, https://goo.gl/fbAQLP

exports[`Tests Matches against snapshot 1`] = `
<View
  style={
    Object {
      "alignItems": "center",
      "flex": 1,
      "justifyContent": "center",
    }
  }
>
  <Text>
    Matches!
  </Text>
</View>
`;
