// Jest Snapshot v1, https://goo.gl/fbAQLP

exports[`Tests Matches against snapshot 1`] = `null`;
